lutris-wrapper: Arknights
Started initial process 345737 from gamemoderun /usr/bin/wine /home/afu/Games/hypergryph/drive_c/Program Files/Hypergryph Launcher/games/Arknights/Arknights.exe
Start monitoring process.
gamemodeauto: 
libEGL warning: pci id for fd 34: 10de:2c59, driver (null)

pci id for fd 35: 10de:2c59, driver (null)
pci id for fd 68: 10de:2c59, driver (null)
pci id for fd 66: 10de:2c59, driver (null)
Unable to read VR Path Registry from C:\users\afu\AppData\Local\openvr\openvrpaths.vrpath
wine: Call from 00006FFFFF35D8A7 to unimplemented function ntoskrnl.exe.KeRegisterBugCheckReasonCallback, aborting
wine: Unimplemented function ntoskrnl.exe.KeRegisterBugCheckReasonCallback called at address 00006FFFFF35D8A7 (thread 01bc), starting debugger...
wine: Call from 00006FFFFF35D8A7 to unimplemented function ntoskrnl.exe.KeRegisterBugCheckReasonCallback, aborting
Unable to read VR Path Registry from C:\users\afu\AppData\Local\openvr\openvrpaths.vrpath
[UnityMemory] Configuration Parameters - Can be set up in boot.config
    "memorysetup-bucket-allocator-granularity=16"
    "memorysetup-bucket-allocator-bucket-count=8"
    "memorysetup-bucket-allocator-block-size=4194304"
    "memorysetup-bucket-allocator-block-count=1"
    "memorysetup-main-allocator-block-size=16777216"
    "memorysetup-thread-allocator-block-size=16777216"
    "memorysetup-gfx-main-allocator-block-size=16777216"
    "memorysetup-gfx-thread-allocator-block-size=16777216"
    "memorysetup-cache-allocator-block-size=4194304"
    "memorysetup-typetree-allocator-block-size=2097152"
    "memorysetup-profiler-bucket-allocator-granularity=16"
    "memorysetup-profiler-bucket-allocator-bucket-count=8"
    "memorysetup-profiler-bucket-allocator-block-size=4194304"
    "memorysetup-profiler-bucket-allocator-block-count=1"
    "memorysetup-profiler-allocator-block-size=16777216"
    "memorysetup-profiler-editor-allocator-block-size=1048576"
    "memorysetup-temp-allocator-size-main=4194304"
    "memorysetup-job-temp-allocator-block-size=2097152"
    "memorysetup-job-temp-allocator-block-size-background=1048576"
    "memorysetup-job-temp-allocator-reduction-small-platforms=262144"
    "memorysetup-temp-allocator-size-background-worker=32768"
    "memorysetup-temp-allocator-size-job-worker=262144"
    "memorysetup-temp-allocator-size-preload-manager=262144"
    "memorysetup-temp-allocator-size-nav-mesh-worker=65536"
    "memorysetup-temp-allocator-size-audio-worker=65536"
    "memorysetup-temp-allocator-size-cloud-worker=32768"
    "memorysetup-temp-allocator-size-gfx=262144"
err:   readMonitorEdidFromKey: Failed to get EDID reg key size
err:   DXGI: Failed to parse display metadata + colorimetry info, using blank.
err:   readMonitorEdidFromKey: Failed to get EDID reg key size
err:   DXGI: Failed to parse display metadata + colorimetry info, using blank.
err:   D3D11VideoDevice::GetVideoDecoderProfileCount: Stub
err:   Presenter: Failed to get surface capabilities: VK_ERROR_SURFACE_LOST_KHR
err:   Presenter: Failed to create Vulkan surface: VK_ERROR_OUT_OF_HOST_MEMORY
Monitored process exited.
Initial process has exited (return code: 56832)
Exit with return code 56832
